
Memory Configuration

Name             Origin             Length             Attributes
flash            0x08000000         0x00020000         xr
sram             0x20000000         0x00005000         xrw
*default*        0x00000000         0xffffffff

Linker script and memory map


.text           0x08000000      0x154
 *(.vector*)
 .vectors       0x08000000       0x10 startup.o
                0x08000000                vectors
 *(.text*)
 .text          0x08000010       0x84 main.o
                0x08000010                main
 .text          0x08000094       0xc0 startup.o
                0x08000094                Reset_Handler
                0x08000148                MM_Fault_Handler
                0x08000148                H_Fault_Handler
                0x08000148                Default_Handler
                0x08000148                NMI_Handler
 *(.rodata)
                0x08000154                _E_text = .

.glue_7         0x08000154        0x0
 .glue_7        0x00000000        0x0 linker stubs

.glue_7t        0x08000154        0x0
 .glue_7t       0x00000000        0x0 linker stubs

.vfp11_veneer   0x08000154        0x0
 .vfp11_veneer  0x00000000        0x0 linker stubs

.v4_bx          0x08000154        0x0
 .v4_bx         0x00000000        0x0 linker stubs

.iplt           0x08000154        0x0
 .iplt          0x00000000        0x0 main.o

.rel.dyn        0x08000154        0x0
 .rel.iplt      0x00000000        0x0 main.o

.data           0x20000000        0x0 load address 0x08000154
                0x20000000                _S_data = .
 *(.data*)
 .data          0x20000000        0x0 main.o
 .data          0x20000000        0x0 startup.o
                0x20000000                _E_data = .

.igot.plt       0x20000000        0x0 load address 0x08000154
 .igot.plt      0x00000000        0x0 main.o

.bss            0x20000000     0x1000 load address 0x08000154
                0x20000000                _S_bss = .
 *(.bss)
 .bss           0x20000000        0x0 main.o
 .bss           0x20000000        0x0 startup.o
                0x20000000                _E_bss = .
                0x20001000                . = (. + 0x1000)
 *fill*         0x20000000     0x1000 
                0x20001000                _stack_top = .
LOAD main.o
LOAD startup.o
OUTPUT(Cortex-M3.elf elf32-littlearm)

.debug_info     0x00000000      0x1d7
 .debug_info    0x00000000       0x81 main.o
 .debug_info    0x00000081      0x156 startup.o

.debug_abbrev   0x00000000      0x11e
 .debug_abbrev  0x00000000       0x5e main.o
 .debug_abbrev  0x0000005e       0xc0 startup.o

.debug_loc      0x00000000       0x9c
 .debug_loc     0x00000000       0x38 main.o
 .debug_loc     0x00000038       0x64 startup.o

.debug_aranges  0x00000000       0x40
 .debug_aranges
                0x00000000       0x20 main.o
 .debug_aranges
                0x00000020       0x20 startup.o

.debug_line     0x00000000       0xd3
 .debug_line    0x00000000       0x59 main.o
 .debug_line    0x00000059       0x7a startup.o

.debug_str      0x00000000      0x117
 .debug_str     0x00000000       0x87 main.o
                                 0xa0 (size before relaxing)
 .debug_str     0x00000087       0x90 startup.o
                                0x124 (size before relaxing)

.comment        0x00000000       0x11
 .comment       0x00000000       0x11 main.o
                                 0x12 (size before relaxing)
 .comment       0x00000000       0x12 startup.o

.ARM.attributes
                0x00000000       0x33
 .ARM.attributes
                0x00000000       0x33 main.o
 .ARM.attributes
                0x00000033       0x33 startup.o

.debug_frame    0x00000000       0x78
 .debug_frame   0x00000000       0x2c main.o
 .debug_frame   0x0000002c       0x4c startup.o
