
Allocating common symbols
Common symbol       size              file

stack_top           0x400             startup.o

Memory Configuration

Name             Origin             Length             Attributes
flash            0x00000000         0x20000000         xr
sram             0x20000000         0x20000000         xrw
*default*        0x00000000         0xffffffff

Linker script and memory map


.text           0x00000000      0x148
 *(.vector*)
 .vectors       0x00000000       0x1c startup.o
                0x00000000                vectors
 *(.text*)
 .text          0x0000001c       0x78 main.o
                0x0000001c                main
 .text          0x00000094       0xb4 startup.o
                0x00000094                Bus_Fault_Handler
                0x00000094                H_Fault_Handler
                0x00000094                MM_Fault_Handler
                0x00000094                Usage_Fault_Handler
                0x00000094                Default_Handler
                0x00000094                NMI_Handler
                0x000000a0                Reset_Handler
                0x00000148                _E_Text = .

.glue_7         0x00000148        0x0
 .glue_7        0x00000000        0x0 linker stubs

.glue_7t        0x00000148        0x0
 .glue_7t       0x00000000        0x0 linker stubs

.vfp11_veneer   0x00000148        0x0
 .vfp11_veneer  0x00000000        0x0 linker stubs

.v4_bx          0x00000148        0x0
 .v4_bx         0x00000000        0x0 linker stubs

.iplt           0x00000148        0x0
 .iplt          0x00000000        0x0 main.o

.rel.dyn        0x00000148        0x0
 .rel.iplt      0x00000000        0x0 main.o

.data           0x20000000        0x0 load address 0x00000148
                0x20000000                _S_data = .
 *(.data*)
 .data          0x20000000        0x0 main.o
 .data          0x20000000        0x0 startup.o
                0x20000000                _E_data = .

.igot.plt       0x20000000        0x0 load address 0x00000148
 .igot.plt      0x00000000        0x0 main.o

.bss            0x20000000      0x400 load address 0x00000148
                0x20000000                _S_bss = .
 *(.bss*)
 .bss           0x20000000        0x0 main.o
 .bss           0x20000000        0x0 startup.o
                0x20000000                _E_bss = .
 COMMON         0x20000000      0x400 startup.o
                0x20000000                stack_top
LOAD main.o
LOAD startup.o
OUTPUT(Lab3-Cortex-M4.elf elf32-littlearm)

.debug_info     0x00000000      0x1f9
 .debug_info    0x00000000       0x81 main.o
 .debug_info    0x00000081      0x178 startup.o

.debug_abbrev   0x00000000      0x12a
 .debug_abbrev  0x00000000       0x5e main.o
 .debug_abbrev  0x0000005e       0xcc startup.o

.debug_loc      0x00000000       0x9c
 .debug_loc     0x00000000       0x38 main.o
 .debug_loc     0x00000038       0x64 startup.o

.debug_aranges  0x00000000       0x40
 .debug_aranges
                0x00000000       0x20 main.o
 .debug_aranges
                0x00000020       0x20 startup.o

.debug_line     0x00000000       0xd7
 .debug_line    0x00000000       0x5b main.o
 .debug_line    0x0000005b       0x7c startup.o

.debug_str      0x00000000      0x117
 .debug_str     0x00000000       0x88 main.o
                                 0xa1 (size before relaxing)
 .debug_str     0x00000088       0x8f startup.o
                                0x124 (size before relaxing)

.comment        0x00000000       0x11
 .comment       0x00000000       0x11 main.o
                                 0x12 (size before relaxing)
 .comment       0x00000000       0x12 startup.o

.ARM.attributes
                0x00000000       0x33
 .ARM.attributes
                0x00000000       0x33 main.o
 .ARM.attributes
                0x00000033       0x33 startup.o

.debug_frame    0x00000000       0x78
 .debug_frame   0x00000000       0x2c main.o
 .debug_frame   0x0000002c       0x4c startup.o
